2026-03-22 23:13:20 - FileCleaner - INFO - ============================================================
2026-03-22 23:13:20 - FileCleaner - INFO - 开始清理旧文件
2026-03-22 23:13:20 - FileCleaner - INFO - 清理目录: /Users/yu/Downloads
2026-03-22 23:13:20 - FileCleaner - INFO - 删除规则: 删除所有超过 7 天的文件
2026-03-22 23:13:20 - FileCleaner - INFO - 删除规则: 删除所有空文件夹和超过 7 天的文件夹
2026-03-22 23:13:20 - FileCleaner - INFO - 排除规则: 保留.log文件和脚本文件本身
2026-03-22 23:13:20 - FileCleaner - INFO - 排除规则: 保留指定的文件夹
2026-03-22 23:13:20 - FileCleaner - INFO - 排序方式: 按文件下载到本地的修改时间
2026-03-22 23:13:20 - FileCleaner - INFO - 测试模式: 是
2026-03-22 23:13:20 - FileCleaner - INFO - ============================================================
2026-03-22 23:13:20 - FileCleaner - INFO - 扫描目录 /Users/yu/Downloads 中的文件...
2026-03-22 23:13:21 - FileCleaner - INFO - 在目录 /Users/yu/Downloads 中没有超过 7 天的旧文件需要删除
2026-03-22 23:14:56 - FileCleaner - INFO - ============================================================
2026-03-22 23:14:56 - FileCleaner - INFO - 开始清理旧文件
2026-03-22 23:14:56 - FileCleaner - INFO - 清理目录: /Users/yu/Downloads
2026-03-22 23:14:56 - FileCleaner - INFO - 删除规则: 删除所有超过 7 天的文件
2026-03-22 23:14:56 - FileCleaner - INFO - 删除规则: 删除所有空文件夹和超过 7 天的文件夹
2026-03-22 23:14:56 - FileCleaner - INFO - 排除规则: 保留.log文件和脚本文件本身
2026-03-22 23:14:56 - FileCleaner - INFO - 排除规则: 保留指定的文件夹
2026-03-22 23:14:56 - FileCleaner - INFO - 排序方式: 按文件下载到本地的修改时间
2026-03-22 23:14:56 - FileCleaner - INFO - 测试模式: 是
2026-03-22 23:14:56 - FileCleaner - INFO - ============================================================
2026-03-22 23:14:56 - FileCleaner - INFO - 扫描目录 /Users/yu/Downloads 中的文件...
2026-03-22 23:14:57 - FileCleaner - INFO - 扫描完成，共找到 199 个文件
2026-03-22 23:14:57 - FileCleaner - INFO - 需要删除 1 个超过 7 天的旧文件
2026-03-22 23:14:57 - FileCleaner - INFO - 释放空间: 5.00 B
2026-03-22 23:14:57 - FileCleaner - INFO - 
待删除文件列表（从最旧到最新）：
2026-03-22 23:14:57 - FileCleaner - INFO -   1. test_file.txt (文档, 5.00 B, 下载时间: 2026-03-10 00:00:00, 已存在: 12天)
2026-03-22 23:14:57 - FileCleaner - INFO - 
[测试模式] 未实际删除文件
2026-03-22 23:14:57 - FileCleaner - INFO - 清理完成（测试模式）
