2026-03-22 22:47:44 - FileCleaner - INFO - ============================================================
2026-03-22 22:47:44 - FileCleaner - INFO - 开始清理旧文件
2026-03-22 22:47:44 - FileCleaner - INFO - 清理目录: /Users/yu/Downloads/clean_old_files
2026-03-22 22:47:44 - FileCleaner - INFO - 删除规则: 删除所有超过 7 天的文件
2026-03-22 22:47:44 - FileCleaner - INFO - 删除规则: 删除所有空文件夹（不考虑时间）
2026-03-22 22:47:44 - FileCleaner - INFO - 排除规则: 保留.log文件和脚本文件本身
2026-03-22 22:47:44 - FileCleaner - INFO - 排除规则: 保留指定的文件夹
2026-03-22 22:47:44 - FileCleaner - INFO - 排序方式: 按文件下载到本地的修改时间
2026-03-22 22:47:44 - FileCleaner - INFO - 测试模式: 否
2026-03-22 22:47:44 - FileCleaner - INFO - ============================================================
2026-03-22 22:47:44 - FileCleaner - INFO - 扫描文件中...
2026-03-22 22:47:45 - FileCleaner - INFO - 扫描完成，共找到 40 个文件
2026-03-22 22:47:45 - FileCleaner - INFO - 需要删除 6 个超过 7 天的旧文件
2026-03-22 22:47:45 - FileCleaner - INFO - 释放空间: 25.80 MB
2026-03-22 22:47:45 - FileCleaner - INFO - 
待删除文件列表（从最旧到最新）：
2026-03-22 22:47:45 - FileCleaner - INFO -   1. JetBrains+全家桶激活（2025最新）.zip (压缩包, 1.43 MB, 下载时间: 2025-01-18 22:56:03, 已存在: 427天)
2026-03-22 22:47:45 - FileCleaner - INFO -   2. udid.mobileconfig (其他, 6.14 KB, 下载时间: 2025-02-19 22:19:24, 已存在: 396天)
2026-03-22 22:47:45 - FileCleaner - INFO -   3. open_setting.mobileprovision (其他, 11.95 KB, 下载时间: 2025-02-19 22:19:26, 已存在: 396天)
2026-03-22 22:47:45 - FileCleaner - INFO -   4. Python网络爬虫从入门到精通.zip (压缩包, 1.79 MB, 下载时间: 2025-05-28 11:29:45, 已存在: 298天)
2026-03-22 22:47:45 - FileCleaner - INFO -   5. sgsrfTV_209195.apk (其他, 20.26 MB, 下载时间: 2025-11-15 19:42:48, 已存在: 127天)
2026-03-22 22:47:45 - FileCleaner - INFO -   6. macOS Assistant 1.3.6_macwk.dmg (其他, 2.30 MB, 下载时间: 2025-11-22 11:22:16, 已存在: 120天)
2026-03-22 22:47:45 - FileCleaner - INFO - 
开始删除文件...
2026-03-22 22:47:45 - FileCleaner - INFO - 已删除: JetBrains+全家桶激活（2025最新）.zip (压缩包, 1.43 MB)
2026-03-22 22:47:45 - FileCleaner - INFO - 已删除: udid.mobileconfig (其他, 6.14 KB)
2026-03-22 22:47:45 - FileCleaner - INFO - 已删除: open_setting.mobileprovision (其他, 11.95 KB)
2026-03-22 22:47:45 - FileCleaner - INFO - 已删除: Python网络爬虫从入门到精通.zip (压缩包, 1.79 MB)
2026-03-22 22:47:45 - FileCleaner - INFO - 已删除: sgsrfTV_209195.apk (其他, 20.26 MB)
2026-03-22 22:47:45 - FileCleaner - INFO - 已删除: macOS Assistant 1.3.6_macwk.dmg (其他, 2.30 MB)
2026-03-22 22:47:45 - FileCleaner - INFO - 
============================================================
2026-03-22 22:47:45 - FileCleaner - INFO - 清理完成
2026-03-22 22:47:45 - FileCleaner - INFO - 删除统计信息:
2026-03-22 22:47:45 - FileCleaner - INFO -   - 成功删除文件数量: 6 个
2026-03-22 22:47:45 - FileCleaner - INFO -   - 删除失败文件数量: 0 个
2026-03-22 22:47:45 - FileCleaner - INFO -   - 释放空间总计: 25.80 MB
2026-03-22 22:47:45 - FileCleaner - INFO - 
详细统计:
2026-03-22 22:47:45 - FileCleaner - INFO -   - 平均文件大小: 4.30 MB
2026-03-22 22:47:45 - FileCleaner - INFO -   - 删除文件占比: 6/40 (15.0%)
2026-03-22 22:47:45 - FileCleaner - INFO -   - 剩余文件数量: 34 个
2026-03-22 22:47:45 - FileCleaner - INFO - 
文件类型统计:
2026-03-22 22:47:45 - FileCleaner - INFO -   - 其他: 4 个文件, 22.58 MB
2026-03-22 22:47:45 - FileCleaner - INFO -   - 压缩包: 2 个文件, 3.22 MB
2026-03-22 22:47:45 - FileCleaner - INFO - 
总结:
2026-03-22 22:47:45 - FileCleaner - INFO - ✓ 成功清理了 6 个旧文件
2026-03-22 22:47:45 - FileCleaner - INFO - ✓ 释放了 25.80 MB 磁盘空间
2026-03-22 22:47:45 - FileCleaner - INFO - 
开始扫描和删除空文件夹...
2026-03-22 22:47:46 - FileCleaner - INFO - 需要删除 19 个文件夹
2026-03-22 22:47:46 - FileCleaner - INFO - 
待删除文件夹列表：
2026-03-22 22:47:46 - FileCleaner - INFO -   1. info (空文件夹, 创建时间: 2026-03-22 22:39:22, 已存在: 0天)
2026-03-22 22:47:46 - FileCleaner - INFO -   2. tags (空文件夹, 创建时间: 2026-03-22 22:39:22, 已存在: 0天)
2026-03-22 22:47:46 - FileCleaner - INFO -   3. info (空文件夹, 创建时间: 2026-03-22 22:09:05, 已存在: 0天)
2026-03-22 22:47:46 - FileCleaner - INFO -   4. tags (空文件夹, 创建时间: 2026-03-22 22:09:05, 已存在: 0天)
2026-03-22 22:47:46 - FileCleaner - INFO -   5. sdcard (空文件夹, 创建时间: 2025-08-07 13:04:16, 已存在: 227天)
2026-03-22 22:47:46 - FileCleaner - INFO -   6. 微信 (空文件夹, 创建时间: 2025-08-07 12:58:40, 已存在: 227天)
2026-03-22 22:47:46 - FileCleaner - INFO -   7. Pictures (空文件夹, 创建时间: 2025-08-07 13:04:24, 已存在: 227天)
2026-03-22 22:47:46 - FileCleaner - INFO -   8. 截屏 (空文件夹, 创建时间: 2025-08-07 13:04:16, 已存在: 227天)
2026-03-22 22:47:46 - FileCleaner - INFO -   9. 屏幕录制 (空文件夹, 创建时间: 2025-08-07 13:04:16, 已存在: 227天)
2026-03-22 22:47:46 - FileCleaner - INFO -  10. QQ接收的文件 (空文件夹, 创建时间: 2025-08-07 13:04:25, 已存在: 227天)
2026-03-22 22:47:46 - FileCleaner - INFO -  11. Movies (空文件夹, 创建时间: 2025-08-07 12:59:40, 已存在: 227天)
2026-03-22 22:47:46 - FileCleaner - INFO -  12. MV (空文件夹, 创建时间: 2025-08-07 12:59:27, 已存在: 227天)
2026-03-22 22:47:46 - FileCleaner - INFO -  13. QQ_05 (空文件夹, 创建时间: 2025-08-07 12:59:37, 已存在: 227天)
2026-03-22 22:47:46 - FileCleaner - INFO -  14. zuiyou (空文件夹, 创建时间: 2025-08-07 12:59:38, 已存在: 227天)
2026-03-22 22:47:46 - FileCleaner - INFO -  15. 微信_75 (空文件夹, 创建时间: 2025-08-07 12:59:22, 已存在: 227天)
2026-03-22 22:47:46 - FileCleaner - INFO -  16. 相机 (空文件夹, 创建时间: 2025-08-07 13:04:39, 已存在: 227天)
2026-03-22 22:47:46 - FileCleaner - INFO -  17. 所有视频 (空文件夹, 创建时间: 2025-08-07 13:04:24, 已存在: 227天)
2026-03-22 22:47:46 - FileCleaner - INFO -  18. QQ (空文件夹, 创建时间: 2025-08-07 12:59:01, 已存在: 227天)
2026-03-22 22:47:46 - FileCleaner - INFO -  19. components (空文件夹, 创建时间: 2025-02-02 15:19:37, 已存在: 413天)
2026-03-22 22:47:46 - FileCleaner - INFO - 已删除文件夹: info (空文件夹)
2026-03-22 22:47:46 - FileCleaner - INFO - 已删除文件夹: tags (空文件夹)
2026-03-22 22:47:46 - FileCleaner - INFO - 已删除文件夹: info (空文件夹)
2026-03-22 22:47:46 - FileCleaner - INFO - 已删除文件夹: tags (空文件夹)
2026-03-22 22:47:46 - FileCleaner - INFO - 已删除文件夹: sdcard (空文件夹)
2026-03-22 22:47:46 - FileCleaner - INFO - 已删除文件夹: 微信 (空文件夹)
2026-03-22 22:47:46 - FileCleaner - INFO - 已删除文件夹: Pictures (空文件夹)
2026-03-22 22:47:46 - FileCleaner - INFO - 已删除文件夹: 截屏 (空文件夹)
2026-03-22 22:47:46 - FileCleaner - INFO - 已删除文件夹: 屏幕录制 (空文件夹)
2026-03-22 22:47:46 - FileCleaner - INFO - 已删除文件夹: QQ接收的文件 (空文件夹)
2026-03-22 22:47:46 - FileCleaner - INFO - 已删除文件夹: Movies (空文件夹)
2026-03-22 22:47:46 - FileCleaner - INFO - 已删除文件夹: MV (空文件夹)
2026-03-22 22:47:46 - FileCleaner - INFO - 已删除文件夹: QQ_05 (空文件夹)
2026-03-22 22:47:46 - FileCleaner - INFO - 已删除文件夹: zuiyou (空文件夹)
2026-03-22 22:47:46 - FileCleaner - INFO - 已删除文件夹: 微信_75 (空文件夹)
2026-03-22 22:47:46 - FileCleaner - INFO - 已删除文件夹: 相机 (空文件夹)
2026-03-22 22:47:46 - FileCleaner - INFO - 已删除文件夹: 所有视频 (空文件夹)
2026-03-22 22:47:46 - FileCleaner - INFO - 已删除文件夹: QQ (空文件夹)
2026-03-22 22:47:46 - FileCleaner - INFO - 已删除文件夹: components (空文件夹)
2026-03-22 22:47:46 - FileCleaner - INFO - 
文件夹删除统计:
2026-03-22 22:47:46 - FileCleaner - INFO -   - 成功删除文件夹数量: 19 个
2026-03-22 22:47:46 - FileCleaner - INFO -   - 删除失败文件夹数量: 0 个
2026-03-22 22:47:46 - FileCleaner - INFO - ✓ 成功清理了 19 个文件夹
2026-03-22 22:47:46 - FileCleaner - INFO - ============================================================
